// Jest Snapshot v1, https://goo.gl/fbAQLP

exports[`CommentViewer should match snapshot 1`] = `
<div>
  <div
    class="sc-gsDJrp fViBsq"
  >
    <img
      class="sc-dkPtyc hVtqgJ"
      src="avatarUrl"
    />
    <div
      class="sc-hKwCoD ijNMMW"
    >
      <div
        class="sc-eCImvq ecNMpG"
      >
        <span>
          <strong>
            vuongvu
          </strong>
           commented
           
          2 days
           ago
        </span>
      </div>
      <div
        class="sc-jRQAMF gfPjGD"
      >
        <p>
          Comment body
        </p>
      </div>
    </div>
  </div>
</div>
`;
