// Jest Snapshot v1, https://goo.gl/fbAQLP

exports[`Layout should match snapshot 1`] = `
<div>
  <div
    class="sc-bdvvaa jlIssb"
  >
    <div
      class="sc-gsDJrp iBniiG"
    >
      <h2
        class="sc-pVTma aYeDQ"
        type="h2"
      >
        This is title
      </h2>
    </div>
    <div
      class="sc-dkPtyc jwrIlo"
    >
      <div
        class="sc-hKwCoD dhgyQ"
      >
        <p>
          test paragraph
        </p>
      </div>
    </div>
  </div>
</div>
`;
