// Jest Snapshot v1, https://goo.gl/fbAQLP

exports[`Pagination should match snapshot 1`] = `
<div>
  <div
    class="sc-bdvvaa ePfWPJ"
  >
    <div>
      <button
        class="sc-gsDJrp inDnEA"
        data-testid="prev-btn"
      >
        Previous
      </button>
      <button
        class="sc-gsDJrp inDnEA"
      >
        0
      </button>
      <button
        class="sc-gsDJrp gTcmdc"
      >
        1
      </button>
      <button
        class="sc-gsDJrp eMQOXM"
        data-testid="next-btn"
      >
        Next
      </button>
    </div>
  </div>
</div>
`;
